// Jest Snapshot v1, https://goo.gl/fbAQLP

exports[`<LoanCard /> <LoanCard /> should render correctly 1`] = `
<View
  style={
    Object {
      "backgroundColor": "#fff",
      "borderBottomWidth": 0.5,
      "borderColor": "#ccc",
      "borderLeftWidth": 0.5,
      "borderRadius": 2,
      "borderRightWidth": 0.5,
      "borderTopWidth": 0.5,
      "elevation": 3,
      "flexWrap": "nowrap",
      "marginBottom": 5,
      "marginLeft": 2,
      "marginRight": 2,
      "marginTop": 5,
      "shadowColor": "#000",
      "shadowOffset": Object {
        "height": 2,
        "width": 0,
      },
      "shadowOpacity": 0.1,
      "shadowRadius": 1.5,
    }
  }
>
  <View
    style={
      Array [
        Object {
          "alignItems": "center",
          "backgroundColor": "#fff",
          "borderRadius": 2,
          "flexDirection": "row",
          "paddingBottom": 10,
          "paddingLeft": 15,
          "paddingRight": 15,
          "paddingTop": 10,
        },
        Object {
          "backgroundColor": "#E3F2FD",
        },
      ]
    }
  >
    <View
      style={
        Object {
          "alignItems": "flex-start",
          "alignSelf": "stretch",
          "flex": 1,
        }
      }
    >
      <Text
        style={
          Array [
            Object {
              "color": "#000",
              "fontFamily": "System",
              "fontSize": 16,
            },
            Object {
              "color": "#7A7A7A",
              "fontSize": 18,
              "marginTop": 10,
            },
          ]
        }
        uppercase={false}
      >
        ID - 1
      </Text>
      <Text
        style={
          Array [
            Object {
              "color": "#000",
              "fontFamily": "System",
              "fontSize": 16,
            },
            Object {
              "color": "#5A5C60",
              "fontSize": 32,
              "marginTop": 10,
            },
          ]
        }
        uppercase={false}
      >
        mockType
      </Text>
      <Text
        style={
          Object {
            "color": "#000",
            "fontFamily": "System",
            "fontSize": 16,
          }
        }
        uppercase={false}
      >
        Current Interest rate: undefined%
      </Text>
      <Text
        style={
          Array [
            Object {
              "color": "#000",
              "fontFamily": "System",
              "fontSize": 16,
            },
            Object {
              "alignSelf": "flex-end",
              "color": "#FC815E",
              "fontSize": 36,
            },
          ]
        }
        uppercase={false}
      >
        $ 200
      </Text>
      <Text
        style={
          Array [
            Object {
              "color": "#000",
              "fontFamily": "System",
              "fontSize": 16,
            },
            Object {
              "alignSelf": "flex-end",
              "color": "#7A7A7A",
              "fontSize": 12,
              "paddingRight": 5,
            },
          ]
        }
        uppercase={false}
      >
        remaining
      </Text>
    </View>
  </View>
  <View
    style={
      Object {
        "alignItems": "center",
        "backgroundColor": "#fff",
        "borderRadius": 2,
        "flexDirection": "row",
        "paddingBottom": 10,
        "paddingLeft": 15,
        "paddingRight": 15,
        "paddingTop": 10,
      }
    }
  >
    <View
      style={
        Object {
          "alignItems": "center",
          "alignSelf": "center",
          "flex": 1,
          "flexDirection": "row",
        }
      }
    >
      <View
        accessible={true}
        isTVSelectable={true}
        onResponderGrant={[Function]}
        onResponderMove={[Function]}
        onResponderRelease={[Function]}
        onResponderTerminate={[Function]}
        onResponderTerminationRequest={[Function]}
        onStartShouldSetResponder={[Function]}
        style={
          Object {
            "opacity": 1,
          }
        }
      >
        <Text
          style={
            Object {
              "alignSelf": "center",
              "color": "#000",
              "fontFamily": "System",
              "fontSize": 16,
              "marginLeft": 10,
            }
          }
          uppercase={false}
        >
          DETAILS
        </Text>
      </View>
    </View>
    <View
      style={
        Object {
          "alignItems": "flex-end",
          "alignSelf": "center",
          "flex": 0.8,
        }
      }
    >
      <View
        accessible={true}
        isTVSelectable={true}
        onResponderGrant={[Function]}
        onResponderMove={[Function]}
        onResponderRelease={[Function]}
        onResponderTerminate={[Function]}
        onResponderTerminationRequest={[Function]}
        onStartShouldSetResponder={[Function]}
        style={
          Object {
            "alignItems": "center",
            "flexDirection": "row",
            "justifyContent": "flex-end",
            "opacity": 1,
          }
        }
      >
        <View
          style={
            Object {
              "alignItems": "center",
              "backgroundColor": "black",
              "borderRadius": 20,
              "height": 21,
              "marginRight": 8,
              "width": 21,
            }
          }
        >
          <Text />
        </View>
        <Text
          style={
            Object {
              "alignSelf": null,
              "color": "#000",
              "fontFamily": "System",
              "fontSize": 15,
            }
          }
          uppercase={false}
        >
          PAY NOW
        </Text>
      </View>
    </View>
  </View>
</View>
`;
