// Jest Snapshot v1, https://goo.gl/fbAQLP

exports[`<LoanList /> <LoanList /> renders correctly 1`] = `
<View
  style={
    Object {
      "backgroundColor": "#fff",
      "flex": 1,
      "height": 1334,
    }
  }
>
  <ActivityIndicator
    animating={true}
    color="blue"
    hidesWhenStopped={true}
    size="large"
    style={
      Object {
        "height": 80,
      }
    }
  />
</View>
`;
